// Jest Snapshot v1, https://goo.gl/fbAQLP

exports[`PhotoList is rendering renders 1`] = `
<DocumentFragment>
  <div
    class="modalBackdrop"
  >
    <div
      class="modalContainer"
    >
      <h3
        class="modalTitle"
      >
        green parrot
      </h3>
      <img
        alt="current category"
        src="0.jpg"
      />
      <p>
        blah
      </p>
      <button
        type="button"
      >
        Close this modal
      </button>
    </div>
  </div>
</DocumentFragment>
`;
